--------------------------------------------------------------------------------
Release 14.5 Trace  (nt64)
Copyright (c) 1995-2012 Xilinx, Inc.  All rights reserved.

C:\Xilinx\14.5\ISE_DS\ISE\bin\nt64\unwrapped\trce.exe -intstyle ise -v 3 -s 3
-n 3 -fastpaths -xml ALU.twx ALU.ncd -o ALU.twr ALU.pcf

Design file:              ALU.ncd
Physical constraint file: ALU.pcf
Device,package,speed:     xc7a100t,csg324,C,-3 (PRODUCTION 1.08 2013-03-26)
Report level:             verbose report

Environment Variable      Effect 
--------------------      ------ 
NONE                      No environment variables were set
--------------------------------------------------------------------------------

INFO:Timing:2698 - No timing constraints found, doing default enumeration.
INFO:Timing:3412 - To improve timing, see the Timing Closure User Guide (UG612).
INFO:Timing:2752 - To get complete path coverage, use the unconstrained paths 
   option. All paths that are not constrained will be reported in the 
   unconstrained paths section(s) of the report.
INFO:Timing:3339 - The clock-to-out numbers in this timing report are based on 
   a 50 Ohm transmission line loading model.  For the details of this model, 
   and for more information on accounting for different loading conditions, 
   please see the device datasheet.



Data Sheet report:
-----------------
All values displayed in nanoseconds (ns)

Pad to Pad
---------------+---------------+---------+
Source Pad     |Destination Pad|  Delay  |
---------------+---------------+---------+
aluop<0>       |dataout<0>     |    8.455|
aluop<0>       |dataout<1>     |    8.356|
aluop<0>       |dataout<2>     |    8.233|
aluop<0>       |dataout<3>     |    8.115|
aluop<0>       |dataout<4>     |    8.013|
aluop<0>       |dataout<5>     |    7.879|
aluop<0>       |dataout<6>     |    7.764|
aluop<0>       |dataout<7>     |    7.806|
aluop<0>       |dataout<8>     |    9.125|
aluop<0>       |dataout<9>     |    9.248|
aluop<0>       |dataout<10>    |    9.366|
aluop<0>       |dataout<11>    |    9.934|
aluop<0>       |dataout<12>    |   10.049|
aluop<0>       |dataout<13>    |    9.733|
aluop<0>       |dataout<14>    |    9.841|
aluop<0>       |dataout<15>    |    9.465|
aluop<0>       |dataout<16>    |    9.577|
aluop<0>       |dataout<17>    |   10.173|
aluop<0>       |dataout<18>    |   10.296|
aluop<0>       |dataout<19>    |   10.411|
aluop<0>       |dataout<20>    |   10.514|
aluop<0>       |dataout<21>    |   10.636|
aluop<0>       |dataout<22>    |   10.754|
aluop<0>       |dataout<23>    |   10.851|
aluop<0>       |dataout<24>    |   10.966|
aluop<0>       |dataout<25>    |   11.075|
aluop<0>       |dataout<26>    |   11.198|
aluop<0>       |dataout<27>    |   11.317|
aluop<0>       |dataout<28>    |   11.431|
aluop<0>       |dataout<29>    |   11.554|
aluop<0>       |dataout<30>    |   11.678|
aluop<0>       |dataout<31>    |   11.766|
aluop<0>       |zflag          |   13.336|
aluop<1>       |dataout<0>     |    8.089|
aluop<1>       |dataout<1>     |    7.990|
aluop<1>       |dataout<2>     |    8.022|
aluop<1>       |dataout<3>     |    7.749|
aluop<1>       |dataout<4>     |    7.969|
aluop<1>       |dataout<5>     |    7.883|
aluop<1>       |dataout<6>     |    7.736|
aluop<1>       |dataout<7>     |    7.440|
aluop<1>       |dataout<8>     |    8.759|
aluop<1>       |dataout<9>     |    8.882|
aluop<1>       |dataout<10>    |    9.000|
aluop<1>       |dataout<11>    |    9.568|
aluop<1>       |dataout<12>    |    9.683|
aluop<1>       |dataout<13>    |    9.367|
aluop<1>       |dataout<14>    |    9.475|
aluop<1>       |dataout<15>    |    9.473|
aluop<1>       |dataout<16>    |    9.211|
aluop<1>       |dataout<17>    |    9.807|
aluop<1>       |dataout<18>    |    9.930|
aluop<1>       |dataout<19>    |   10.153|
aluop<1>       |dataout<20>    |   10.148|
aluop<1>       |dataout<21>    |   10.270|
aluop<1>       |dataout<22>    |   10.388|
aluop<1>       |dataout<23>    |   10.485|
aluop<1>       |dataout<24>    |   10.600|
aluop<1>       |dataout<25>    |   10.709|
aluop<1>       |dataout<26>    |   10.832|
aluop<1>       |dataout<27>    |   10.951|
aluop<1>       |dataout<28>    |   11.065|
aluop<1>       |dataout<29>    |   11.188|
aluop<1>       |dataout<30>    |   11.312|
aluop<1>       |dataout<31>    |   11.400|
aluop<1>       |zflag          |   13.654|
aluop<2>       |cflag          |    6.759|
aluop<2>       |oflag          |    7.257|
data1<0>       |dataout<0>     |    7.737|
data1<0>       |zflag          |    9.145|
data1<1>       |dataout<1>     |    7.169|
data1<1>       |zflag          |    9.941|
data1<2>       |dataout<2>     |    7.130|
data1<2>       |zflag          |    8.934|
data1<3>       |dataout<3>     |    7.009|
data1<3>       |zflag          |    9.042|
data1<4>       |dataout<4>     |    7.111|
data1<4>       |zflag          |    8.642|
data1<5>       |dataout<5>     |    7.154|
data1<5>       |zflag          |    9.199|
data1<6>       |dataout<6>     |    7.537|
data1<6>       |zflag          |    9.612|
data1<7>       |dataout<7>     |    6.833|
data1<7>       |zflag          |    9.377|
data1<8>       |dataout<8>     |    6.983|
data1<8>       |zflag          |    9.564|
data1<9>       |dataout<9>     |    7.852|
data1<9>       |zflag          |    9.011|
data1<10>      |dataout<10>    |    7.056|
data1<10>      |zflag          |    9.353|
data1<11>      |dataout<11>    |    7.650|
data1<11>      |zflag          |    9.119|
data1<12>      |dataout<12>    |    7.217|
data1<12>      |zflag          |    9.480|
data1<13>      |dataout<13>    |    7.659|
data1<13>      |zflag          |    9.946|
data1<14>      |dataout<14>    |    7.232|
data1<14>      |zflag          |    9.463|
data1<15>      |dataout<15>    |    5.727|
data1<15>      |zflag          |    9.908|
data1<16>      |dataout<16>    |    6.309|
data1<16>      |zflag          |   10.014|
data1<17>      |dataout<17>    |    7.038|
data1<17>      |zflag          |    9.080|
data1<18>      |dataout<18>    |    6.497|
data1<18>      |zflag          |    8.850|
data1<19>      |dataout<19>    |    6.565|
data1<19>      |zflag          |    9.267|
data1<20>      |dataout<20>    |    6.320|
data1<20>      |zflag          |    9.444|
data1<21>      |dataout<21>    |    6.501|
data1<21>      |zflag          |    8.891|
data1<22>      |dataout<22>    |    6.361|
data1<22>      |zflag          |    8.900|
data1<23>      |dataout<23>    |    7.028|
data1<23>      |zflag          |    8.879|
data1<24>      |dataout<24>    |    7.257|
data1<24>      |zflag          |    8.873|
data1<25>      |dataout<25>    |    7.348|
data1<25>      |zflag          |    9.048|
data1<26>      |dataout<26>    |    6.996|
data1<26>      |zflag          |    9.284|
data1<27>      |dataout<27>    |    8.170|
data1<27>      |zflag          |   10.073|
data1<28>      |dataout<28>    |    7.939|
data1<28>      |zflag          |    9.364|
data1<29>      |dataout<29>    |    7.914|
data1<29>      |zflag          |    9.183|
data1<30>      |dataout<30>    |    8.425|
data1<30>      |oflag          |    7.198|
data1<30>      |zflag          |    9.454|
data1<31>      |cflag          |    6.669|
data1<31>      |dataout<31>    |    8.036|
data1<31>      |oflag          |    7.157|
data1<31>      |zflag          |    8.536|
data2<0>       |dataout<0>     |    7.535|
data2<0>       |zflag          |    8.943|
data2<1>       |dataout<1>     |    7.242|
data2<1>       |zflag          |   10.014|
data2<2>       |dataout<2>     |    7.400|
data2<2>       |zflag          |    9.204|
data2<3>       |dataout<3>     |    7.299|
data2<3>       |zflag          |    9.332|
data2<4>       |dataout<4>     |    7.570|
data2<4>       |zflag          |    9.101|
data2<5>       |dataout<5>     |    7.324|
data2<5>       |zflag          |    9.369|
data2<6>       |dataout<6>     |    7.175|
data2<6>       |zflag          |    9.250|
data2<7>       |dataout<7>     |    6.755|
data2<7>       |zflag          |    9.299|
data2<8>       |dataout<8>     |    6.679|
data2<8>       |zflag          |    9.260|
data2<9>       |dataout<9>     |    7.344|
data2<9>       |zflag          |    8.503|
data2<10>      |dataout<10>    |    6.758|
data2<10>      |zflag          |    9.055|
data2<11>      |dataout<11>    |    7.464|
data2<11>      |zflag          |    8.933|
data2<12>      |dataout<12>    |    7.109|
data2<12>      |zflag          |    9.372|
data2<13>      |dataout<13>    |    7.556|
data2<13>      |zflag          |    9.843|
data2<14>      |dataout<14>    |    7.398|
data2<14>      |zflag          |    9.629|
data2<15>      |dataout<15>    |    5.612|
data2<15>      |zflag          |    9.793|
data2<16>      |dataout<16>    |    5.714|
data2<16>      |zflag          |    9.419|
data2<17>      |dataout<17>    |    7.521|
data2<17>      |zflag          |    9.563|
data2<18>      |dataout<18>    |    7.067|
data2<18>      |zflag          |    9.420|
data2<19>      |dataout<19>    |    6.166|
data2<19>      |zflag          |    8.868|
data2<20>      |dataout<20>    |    5.918|
data2<20>      |zflag          |    9.042|
data2<21>      |dataout<21>    |    7.584|
data2<21>      |zflag          |    9.974|
data2<22>      |dataout<22>    |    7.181|
data2<22>      |zflag          |    9.720|
data2<23>      |dataout<23>    |    7.126|
data2<23>      |zflag          |    8.977|
data2<24>      |dataout<24>    |    7.565|
data2<24>      |zflag          |    9.181|
data2<25>      |dataout<25>    |    7.765|
data2<25>      |zflag          |    9.465|
data2<26>      |dataout<26>    |    7.273|
data2<26>      |zflag          |    9.561|
data2<27>      |dataout<27>    |    7.586|
data2<27>      |zflag          |    9.489|
data2<28>      |dataout<28>    |    7.238|
data2<28>      |zflag          |    8.663|
data2<29>      |dataout<29>    |    7.186|
data2<29>      |zflag          |    8.455|
data2<30>      |dataout<30>    |    7.987|
data2<30>      |oflag          |    7.026|
data2<30>      |zflag          |    9.016|
data2<31>      |cflag          |    6.697|
data2<31>      |dataout<31>    |    8.682|
data2<31>      |oflag          |    7.197|
data2<31>      |zflag          |    9.182|
---------------+---------------+---------+


Analysis completed Sun Apr 05 23:04:00 2020 
--------------------------------------------------------------------------------

Trace Settings:
-------------------------
Trace Settings 

Peak Memory Usage: 5003 MB



